// Jest Snapshot v1, https://goo.gl/fbAQLP

exports[`golden week: digest matches the recorded replay and the pinned ENGINE_VERSION 1`] = `
{
  "anchorsMissed": 0,
  "chronotype": "baseline",
  "commands": [],
  "days": [
    {
      "completions": {
        "brush": 2,
        "meal": 3,
        "nap": 1,
        "quickwash": 2,
        "read": 53,
        "shower": 1,
        "snack": 2,
        "stretch": 7,
        "toilet": 1,
      },
      "maxPerBar": {
        "energy": 100,
        "hygiene": 100,
        "movement": 88.67,
        "nutrition": 100,
      },
      "minPerBar": {
        "energy": 33.5,
        "hygiene": 69.5,
        "movement": 58.03,
        "nutrition": 54.4,
      },
      "morningCheck": {
        "energy": 90,
        "hygiene": 95.35,
        "movement": 82.4,
        "nutrition": 95.6,
      },
      "travelMinutes": 94,
      "urgentEvents": 0,
    },
    {
      "completions": {
        "brush": 2,
        "meal": 3,
        "nap": 1,
        "quickwash": 2,
        "read": 52,
        "shower": 1,
        "snack": 2,
        "stretch": 6,
        "toilet": 1,
      },
      "maxPerBar": {
        "energy": 100,
        "hygiene": 100,
        "movement": 89,
        "nutrition": 100,
      },
      "minPerBar": {
        "energy": 33.5,
        "hygiene": 78.95,
        "movement": 62.47,
        "nutrition": 51.67,
      },
      "morningCheck": {
        "energy": 90,
        "hygiene": 95.3,
        "movement": 85.2,
        "nutrition": 86.58,
      },
      "travelMinutes": 117,
      "urgentEvents": 0,
    },
    {
      "completions": {
        "brush": 2,
        "meal": 3,
        "nap": 1,
        "quickwash": 2,
        "read": 48,
        "shower": 1,
        "snack": 4,
        "stretch": 6,
        "toilet": 1,
      },
      "maxPerBar": {
        "energy": 100,
        "hygiene": 100,
        "movement": 88.6,
        "nutrition": 100,
      },
      "minPerBar": {
        "energy": 34.17,
        "hygiene": 79.05,
        "movement": 65.67,
        "nutrition": 50.72,
      },
      "morningCheck": {
        "energy": 90,
        "hygiene": 83.25,
        "movement": 81.2,
        "nutrition": 85.88,
      },
      "travelMinutes": 133,
      "urgentEvents": 0,
    },
    {
      "completions": {
        "brush": 2,
        "meal": 3,
        "nap": 1,
        "quickwash": 2,
        "read": 47,
        "shower": 1,
        "snack": 4,
        "stretch": 7,
        "toilet": 1,
      },
      "maxPerBar": {
        "energy": 100,
        "hygiene": 100,
        "movement": 89.57,
        "nutrition": 100,
      },
      "minPerBar": {
        "energy": 34.17,
        "hygiene": 79.45,
        "movement": 64.87,
        "nutrition": 52.47,
      },
      "morningCheck": {
        "energy": 90,
        "hygiene": 95.3,
        "movement": 82,
        "nutrition": 81.13,
      },
      "travelMinutes": 139,
      "urgentEvents": 0,
    },
    {
      "completions": {
        "brush": 2,
        "meal": 3,
        "nap": 1,
        "quickwash": 2,
        "read": 52,
        "shower": 1,
        "snack": 2,
        "stretch": 6,
        "toilet": 1,
      },
      "maxPerBar": {
        "energy": 100,
        "hygiene": 100,
        "movement": 90.5,
        "nutrition": 100,
      },
      "minPerBar": {
        "energy": 34.25,
        "hygiene": 79.05,
        "movement": 66.07,
        "nutrition": 53.67,
      },
      "morningCheck": {
        "energy": 90,
        "hygiene": 95.3,
        "movement": 81.2,
        "nutrition": 85.08,
      },
      "travelMinutes": 108,
      "urgentEvents": 0,
    },
    {
      "completions": {
        "brush": 2,
        "meal": 3,
        "nap": 1,
        "quickwash": 3,
        "read": 49,
        "shower": 1,
        "snack": 4,
        "stretch": 6,
        "toilet": 1,
      },
      "maxPerBar": {
        "energy": 100,
        "hygiene": 100,
        "movement": 90.53,
        "nutrition": 100,
      },
      "minPerBar": {
        "energy": 34.17,
        "hygiene": 77.6,
        "movement": 68.83,
        "nutrition": 52.53,
      },
      "morningCheck": {
        "energy": 90,
        "hygiene": 91.25,
        "movement": 83.6,
        "nutrition": 83.13,
      },
      "travelMinutes": 120,
      "urgentEvents": 0,
    },
    {
      "completions": {
        "brush": 2,
        "meal": 3,
        "nap": 1,
        "quickwash": 2,
        "read": 49,
        "shower": 1,
        "snack": 5,
        "stretch": 5,
        "toilet": 1,
      },
      "maxPerBar": {
        "energy": 100,
        "hygiene": 100,
        "movement": 91.23,
        "nutrition": 100,
      },
      "minPerBar": {
        "energy": 34.08,
        "hygiene": 79.25,
        "movement": 63.63,
        "nutrition": 45.88,
      },
      "morningCheck": {
        "energy": 90,
        "hygiene": 95.25,
        "movement": 80,
        "nutrition": 83.23,
      },
      "travelMinutes": 130,
      "urgentEvents": 0,
    },
  ],
  "engineVersion": 12,
  "firstWakeOrder": [
    "toilet",
    "brush",
    "shower",
    "meal",
  ],
  "seed": 1234,
  "urgentCount": 0,
}
`;
