// Jest Snapshot v1, https://goo.gl/fbAQLP

exports[`golden week: digest matches the recorded replay and the pinned ENGINE_VERSION 1`] = `
{
  "anchorsMissed": 0,
  "chronotype": "baseline",
  "commands": [],
  "days": [
    {
      "completions": {
        "brush": 2,
        "meal": 3,
        "shower": 1,
        "toilet": 1,
        "weights": 1,
      },
      "maxPerBar": {
        "energy": 100,
        "hygiene": 100,
        "movement": 91.77,
        "nutrition": 100,
      },
      "minPerBar": {
        "energy": 21,
        "hygiene": 54.7,
        "movement": 38.83,
        "nutrition": 54.6,
      },
      "morningCheck": {
        "energy": 90,
        "hygiene": 95.45,
        "movement": 56,
        "nutrition": 95.8,
      },
      "travelMinutes": 35,
      "urgentEvents": 0,
    },
    {
      "completions": {
        "brush": 2,
        "meal": 3,
        "shower": 1,
        "toilet": 1,
        "weights": 1,
      },
      "maxPerBar": {
        "energy": 100,
        "hygiene": 100,
        "movement": 100,
        "nutrition": 100,
      },
      "minPerBar": {
        "energy": 21.08,
        "hygiene": 54.65,
        "movement": 57.82,
        "nutrition": 51.73,
      },
      "morningCheck": {
        "energy": 90,
        "hygiene": 95.4,
        "movement": 74.98,
        "nutrition": 81.53,
      },
      "travelMinutes": 32,
      "urgentEvents": 0,
    },
    {
      "completions": {
        "brush": 2,
        "meal": 3,
        "shower": 1,
        "toilet": 1,
        "weights": 1,
      },
      "maxPerBar": {
        "energy": 100,
        "hygiene": 100,
        "movement": 100,
        "nutrition": 100,
      },
      "minPerBar": {
        "energy": 21.08,
        "hygiene": 54.65,
        "movement": 66.05,
        "nutrition": 51.73,
      },
      "morningCheck": {
        "energy": 90,
        "hygiene": 95.4,
        "movement": 83.22,
        "nutrition": 81.53,
      },
      "travelMinutes": 32,
      "urgentEvents": 0,
    },
    {
      "completions": {
        "brush": 2,
        "meal": 3,
        "shower": 1,
        "toilet": 1,
        "weights": 1,
      },
      "maxPerBar": {
        "energy": 100,
        "hygiene": 100,
        "movement": 100,
        "nutrition": 100,
      },
      "minPerBar": {
        "energy": 21.08,
        "hygiene": 54.65,
        "movement": 66.05,
        "nutrition": 51.73,
      },
      "morningCheck": {
        "energy": 90,
        "hygiene": 95.4,
        "movement": 83.22,
        "nutrition": 81.53,
      },
      "travelMinutes": 32,
      "urgentEvents": 0,
    },
    {
      "completions": {
        "brush": 2,
        "meal": 3,
        "shower": 1,
        "toilet": 1,
        "weights": 1,
      },
      "maxPerBar": {
        "energy": 100,
        "hygiene": 100,
        "movement": 100,
        "nutrition": 100,
      },
      "minPerBar": {
        "energy": 21.08,
        "hygiene": 54.65,
        "movement": 66.05,
        "nutrition": 51.73,
      },
      "morningCheck": {
        "energy": 90,
        "hygiene": 95.4,
        "movement": 83.22,
        "nutrition": 81.53,
      },
      "travelMinutes": 32,
      "urgentEvents": 0,
    },
    {
      "completions": {
        "brush": 2,
        "meal": 3,
        "shower": 1,
        "toilet": 1,
        "weights": 1,
      },
      "maxPerBar": {
        "energy": 100,
        "hygiene": 100,
        "movement": 100,
        "nutrition": 100,
      },
      "minPerBar": {
        "energy": 21.08,
        "hygiene": 54.65,
        "movement": 66.05,
        "nutrition": 51.73,
      },
      "morningCheck": {
        "energy": 90,
        "hygiene": 95.4,
        "movement": 83.22,
        "nutrition": 81.53,
      },
      "travelMinutes": 32,
      "urgentEvents": 0,
    },
    {
      "completions": {
        "brush": 2,
        "meal": 3,
        "shower": 1,
        "toilet": 1,
        "weights": 1,
      },
      "maxPerBar": {
        "energy": 100,
        "hygiene": 100,
        "movement": 100,
        "nutrition": 100,
      },
      "minPerBar": {
        "energy": 21.08,
        "hygiene": 54.65,
        "movement": 66.05,
        "nutrition": 51.73,
      },
      "morningCheck": {
        "energy": 90,
        "hygiene": 95.4,
        "movement": 83.22,
        "nutrition": 81.53,
      },
      "travelMinutes": 32,
      "urgentEvents": 0,
    },
  ],
  "engineVersion": 5,
  "firstWakeOrder": [
    "toilet",
    "brush",
    "shower",
    "meal",
  ],
  "seed": 1234,
  "urgentCount": 0,
}
`;
